// Jest Snapshot v1, https://goo.gl/fbAQLP

exports[`Should render Dashboard page correctly 1`] = `
<div
  className="content-container"
>
  <Connect(StoryList) />
  <button
    className="button"
    onClick={[Function]}
  >
    Add Story
  </button>
</div>
`;

exports[`Should render ExpenseDashboard page correctly 1`] = `
<div
  className="content-container"
>
  <Connect(StoryList) />
  <button
    className="button"
    onClick={[Function]}
  >
    Add Story
  </button>
</div>
`;
