// Jest Snapshot v1, https://goo.gl/fbAQLP

exports[`Should render story page correctly 1`] = `
<div
  className="content-container"
>
  <button
    className="button--secondary"
    onClick={[Function]}
  >
    Back
  </button>
  <div
    className="story-info"
  >
    <Link
      replace={false}
      to="/story/undefined/edit"
    >
      <h2 />
      <p />
      <p>
        December 31, 1969
      </p>
    </Link>
  </div>
  <div>
    <AddTrackerSelector />
  </div>
</div>
`;
