// Jest Snapshot v1, https://goo.gl/fbAQLP

exports[`Should render story page correctly 1`] = `
<div
  className="content-container"
>
  <div
    className="story-info"
  >
    <h2 />
    <p />
    <p>
      December 31, 1969
    </p>
  </div>
  <button
    className="button--secondary"
    onClick={[Function]}
  >
    Back
  </button>
  <button
    className="button"
    onClick={[Function]}
  >
    Settings
  </button>
  <div>
    <AddTrackerSelector />
  </div>
</div>
`;
