// Jest Snapshot v1, https://goo.gl/fbAQLP

exports[`Should render Modal 1`] = `
<div>
  <form>
    <input
      autoFocus={true}
      className="text-input"
      onChange={[Function]}
      placeholder="story name..."
      type="text"
      value=""
    />
    <button
      onClick={[Function]}
    />
  </form>
</div>
`;
